[create-react-app.dev/index.html]
[backblue.gif]
[fade.gif]
[index.html]
[create-react-app.dev/opensearch.xml]
[create-react-app.dev/img/logo-og.png]
[create-react-app.dev/img/favicon/favicon.ico]
[create-react-app.dev/styles.1f044c0e.css]
[create-react-app.dev/styles.8fd8c587.js]
[create-react-app.dev/runtime_main.0335f078.js]
[create-react-app.dev/1.e5ec0f65.js]
[create-react-app.dev/2.afcb63ef.js]
[create-react-app.dev/c4f5d8e4.bc16ad86.js]
[create-react-app.dev/main.3d967720.js]
[create-react-app.dev/img/logo.svg]
[reactjs.org/community/support.html]
[create-react-app.dev/img/update.png]
[github.com/facebook/create-react-app.html]
[create-react-app.dev/cdn-cgi/l/email-protection.html]
[reactjs.org/index.html]
[github.com/facebook/create-react-app/discussions.html]
[twitter.com/reactjs.14.delayed]
[create-react-app.dev/img/oss_logo.png]
[create-react-app.dev/index.html]
[create-react-app.dev/cdn-cgi/scripts/5c5dd728/cloudflare-static/email-decode.min.js]
[www.contributor-covenant.org/version/1/4/code-of-conduct/index.html]
[bh4d9od16a-dsn.algolia.net/index.html]
[create-react-app.dev/styles.1f044c0e.css]
[create-react-app.dev/img/logo.svg]
[create-react-app.dev/docs/getting-started/index.html]
[reactjs.org/favicon.ico]
[reactjs.org/logo-180x180.png]
[unpkg.com/docsearch.js@2.4.1/dist/cdn/docsearch.min.js]
[reactjs.org/styles.480c14a7ef65ccbc9fe7.css]
[reactjs.org/feed.xml]
[az.reactjs.org/community/support.html]
[ar.reactjs.org/community/support.html]
[es.reactjs.org/community/support.html]
[fr.reactjs.org/community/support.html]
[hu.reactjs.org/community/support.html]
[it.reactjs.org/community/support.html]
[ja.reactjs.org/community/support.html]
[ko.reactjs.org/community/support.html]
[mn.reactjs.org/community/support.html]
[pl.reactjs.org/community/support.html]
[pt-br.reactjs.org/community/support.html]
[ru.reactjs.org/community/support.html]
[reactjs.org/community/support.html]
[github.com/facebook/create-react-app.html]
[camo.githubusercontent.com/29765c4a32f03bd01d44edef1cd674225e3c906b/68747470733a2f2f63646e2e7261776769742e636f6d2f66616365626f6f6b2f6372656174652d72656163742d6170702f323762343261632f73637265656e636173742e737667.svg]
[create-react-app.dev/cdn-cgi/l/email-protection.html]
[reactjs.org/index.html]
[stackoverflow.com/questions/tagged/create-react-app.html]
[github.com/facebook/create-react-app/discussions.html]
[twitter.com/reactjs.html]
[www.contributor-covenant.org/version/1/4/code-of-conduct/index.html]
[reactjs.org/styles.480c14a7ef65ccbc9fe7.css]
[reactjs.org/search.svg]
[www.google-analytics.com/index.html]
[ar.reactjs.org/community/support.html]
[az.reactjs.org/community/support.html]
[es.reactjs.org/community/support.html]
[fr.reactjs.org/community/support.html]
[hu.reactjs.org/community/support.html]
[it.reactjs.org/community/support.html]
[ja.reactjs.org/community/support.html]
[ko.reactjs.org/community/support.html]
[mn.reactjs.org/community/support.html]
[pl.reactjs.org/community/support.html]
[pt-br.reactjs.org/community/support.html]
[ru.reactjs.org/community/support.html]
[tr.reactjs.org/community/support.html]
